Testing stream endpoint...
python : Traceback (most recent call last):
所在位置 行:1 字符: 1
+ python test\test_stream_api.py 2>&1 | Tee-Object -FilePath test_outpu ...
+ ~~~~~~~~~~~~~~~~~~~~~~~~~~~~~~~~~~~
    + CategoryInfo          : NotSpecified: (Traceback (most recent call last)::String) [], RemoteException
    + FullyQualifiedErrorId : NativeCommandError
 
  File "D:\Anaconda\Lib\site-packages\aiohttp\client_reqrep.py", line 539, in start
    message, payload = await protocol.read()  # type: ignore[union-attr]
                       ^^^^^^^^^^^^^^^^^^^^^
  File "D:\Anaconda\Lib\site-packages\aiohttp\streams.py", line 680, in read
    await self._waiter
asyncio.exceptions.CancelledError

The above exception was the direct cause of the following exception:

Traceback (most recent call last):
  File "D:\AgentProject\FinSight\test\test_stream_api.py", line 13, in test_stream
    async with session.post(url, json=payload, timeout=aiohttp.ClientTimeout(total=120)) as resp:
               ~~~~~~~~~~~~^^^^^^^^^^^^^^^^^^^^^^^^^^^^^^^^^^^^^^^^^^^^^^^^^^^^^^^^^^^^^
  File "D:\Anaconda\Lib\site-packages\aiohttp\client.py", line 1510, in __aenter__
    self._resp: _RetType = await self._coro
                           ^^^^^^^^^^^^^^^^
  File "D:\Anaconda\Lib\site-packages\aiohttp\client.py", line 779, in _request
    resp = await handler(req)
           ^^^^^^^^^^^^^^^^^^
  File "D:\Anaconda\Lib\site-packages\aiohttp\client.py", line 757, in _connect_and_send_request
    await resp.start(conn)
  File "D:\Anaconda\Lib\site-packages\aiohttp\client_reqrep.py", line 534, in start
    with self._timer:
         ^^^^^^^^^^^
  File "D:\Anaconda\Lib\site-packages\aiohttp\helpers.py", line 713, in __exit__
    raise asyncio.TimeoutError from exc_val
TimeoutError

During handling of the above exception, another exception occurred:

Traceback (most recent call last):
  File "D:\AgentProject\FinSight\test\test_stream_api.py", line 56, in <module>
    asyncio.run(test_stream())
    ~~~~~~~~~~~^^^^^^^^^^^^^^^
  File "D:\Anaconda\Lib\asyncio\runners.py", line 195, in run
    return runner.run(main)
           ~~~~~~~~~~^^^^^^
  File "D:\Anaconda\Lib\asyncio\runners.py", line 118, in run
    return self._loop.run_until_complete(task)
           ~~~~~~~~~~~~~~~~~~~~~~~~~~~~~^^^^^^
  File "D:\Anaconda\Lib\asyncio\base_events.py", line 725, in run_until_complete
    return future.result()
           ~~~~~~~~~~~~~^^
  File "D:\AgentProject\FinSight\test\test_stream_api.py", line 51, in test_stream
    print('\u274c Request timed out after 120 seconds!')
    ~~~~~^^^^^^^^^^^^^^^^^^^^^^^^^^^^^^^^^^^^^^^^^^^
UnicodeEncodeError: 'gbk' codec can't encode character '\u274c' in position 0: illegal multibyte sequence
